--- ProjectPulse Manual Dynamic Compiler ---
Successfully parsed system dropdown configurations.
Successfully compiled Configuration Reference to: /Users/manvenpratapsingh/Downloads/ProjectPulse/docs/user_manual/configuration_reference.md
No project_state.json file detected in workspace root. Compiling default seed templates.
Successfully compiled Project Status to: /Users/manvenpratapsingh/Downloads/ProjectPulse/docs/user_manual/project_status.md
--- Compiler Finished Successfully ---
--- ProjectPulse Manual Dynamic Compiler ---
Successfully parsed system dropdown configurations.
Successfully compiled Configuration Reference to: /Users/manvenpratapsingh/Downloads/ProjectPulse/docs/user_manual/configuration_reference.md
No project_state.json file detected in workspace root. Compiling default seed templates.
Successfully compiled Project Status to: /Users/manvenpratapsingh/Downloads/ProjectPulse/docs/user_manual/project_status.md
--- Compiler Finished Successfully ---
--- ProjectPulse Manual Dynamic Compiler ---
Successfully parsed system dropdown configurations.
Successfully compiled Configuration Reference to: /Users/manvenpratapsingh/Downloads/ProjectPulse/docs/user_manual/configuration_reference.md
No project_state.json file detected in workspace root. Compiling default seed templates.
Successfully compiled Project Status to: /Users/manvenpratapsingh/Downloads/ProjectPulse/docs/user_manual/project_status.md
--- Compiler Finished Successfully ---
--- ProjectPulse Manual Dynamic Compiler ---
Successfully parsed system dropdown configurations.
Successfully compiled Configuration Reference to: /Users/manvenpratapsingh/Downloads/ProjectPulse/docs/user_manual/configuration_reference.md
No project_state.json file detected in workspace root. Compiling default seed templates.
Successfully compiled Project Status to: /Users/manvenpratapsingh/Downloads/ProjectPulse/docs/user_manual/project_status.md
--- Compiler Finished Successfully ---
--- ProjectPulse Manual Dynamic Compiler ---
Successfully parsed system dropdown configurations.
Successfully compiled Configuration Reference to: /Users/manvenpratapsingh/Downloads/ProjectPulse/docs/user_manual/configuration_reference.md
No project_state.json file detected in workspace root. Compiling default seed templates.
Successfully compiled Project Status to: /Users/manvenpratapsingh/Downloads/ProjectPulse/docs/user_manual/project_status.md
--- Compiler Finished Successfully ---
--- ProjectPulse Manual Dynamic Compiler ---
Successfully parsed system dropdown configurations.
Successfully compiled Configuration Reference to: /Users/manvenpratapsingh/Downloads/ProjectPulse/docs/user_manual/configuration_reference.md
No project_state.json file detected in workspace root. Compiling default seed templates.
Successfully compiled Project Status to: /Users/manvenpratapsingh/Downloads/ProjectPulse/docs/user_manual/project_status.md
--- Compiler Finished Successfully ---
--- ProjectPulse Manual Dynamic Compiler ---
Successfully parsed system dropdown configurations.
Successfully compiled Configuration Reference to: /Users/manvenpratapsingh/Downloads/ProjectPulse/docs/user_manual/configuration_reference.md
No project_state.json file detected in workspace root. Compiling default seed templates.
Successfully compiled Project Status to: /Users/manvenpratapsingh/Downloads/ProjectPulse/docs/user_manual/project_status.md
--- Compiler Finished Successfully ---
--- ProjectPulse Manual Dynamic Compiler ---
Successfully parsed system dropdown configurations.
Successfully compiled Configuration Reference to: /Users/manvenpratapsingh/Downloads/ProjectPulse/docs/user_manual/configuration_reference.md
No project_state.json file detected in workspace root. Compiling default seed templates.
Successfully compiled Project Status to: /Users/manvenpratapsingh/Downloads/ProjectPulse/docs/user_manual/project_status.md
--- Compiler Finished Successfully ---
--- ProjectPulse Manual Dynamic Compiler ---
Successfully parsed system dropdown configurations.
Successfully compiled Configuration Reference to: /Users/manvenpratapsingh/Downloads/ProjectPulse/docs/user_manual/configuration_reference.md
No project_state.json file detected in workspace root. Compiling default seed templates.
Successfully compiled Project Status to: /Users/manvenpratapsingh/Downloads/ProjectPulse/docs/user_manual/project_status.md
--- Compiler Finished Successfully ---
--- ProjectPulse Manual Dynamic Compiler ---
Successfully parsed system dropdown configurations.
Successfully compiled Configuration Reference to: /Users/manvenpratapsingh/Downloads/ProjectPulse/docs/user_manual/configuration_reference.md
No project_state.json file detected in workspace root. Compiling default seed templates.
Successfully compiled Project Status to: /Users/manvenpratapsingh/Downloads/ProjectPulse/docs/user_manual/project_status.md
--- Compiler Finished Successfully ---
--- ProjectPulse Manual Dynamic Compiler ---
Successfully parsed system dropdown configurations.
Successfully compiled Configuration Reference to: /Users/manvenpratapsingh/Downloads/ProjectPulse/docs/user_manual/configuration_reference.md
No project_state.json file detected in workspace root. Compiling default seed templates.
Successfully compiled Project Status to: /Users/manvenpratapsingh/Downloads/ProjectPulse/docs/user_manual/project_status.md
--- Compiler Finished Successfully ---
--- ProjectPulse Manual Dynamic Compiler ---
Successfully parsed system dropdown configurations.
Successfully compiled Configuration Reference to: /Users/manvenpratapsingh/Downloads/ProjectPulse/docs/user_manual/configuration_reference.md
No project_state.json file detected in workspace root. Compiling default seed templates.
Successfully compiled Project Status to: /Users/manvenpratapsingh/Downloads/ProjectPulse/docs/user_manual/project_status.md
--- Compiler Finished Successfully ---
--- ProjectPulse Manual Dynamic Compiler ---
Successfully parsed system dropdown configurations.
Successfully compiled Configuration Reference to: /Users/manvenpratapsingh/Downloads/ProjectPulse/docs/user_manual/configuration_reference.md
No project_state.json file detected in workspace root. Compiling default seed templates.
Successfully compiled Project Status to: /Users/manvenpratapsingh/Downloads/ProjectPulse/docs/user_manual/project_status.md
--- Compiler Finished Successfully ---
--- ProjectPulse Manual Dynamic Compiler ---
Successfully parsed system dropdown configurations.
Successfully compiled Configuration Reference to: /Users/manvenpratapsingh/Downloads/ProjectPulse/docs/user_manual/configuration_reference.md
No project_state.json file detected in workspace root. Compiling default seed templates.
Successfully compiled Project Status to: /Users/manvenpratapsingh/Downloads/ProjectPulse/docs/user_manual/project_status.md
--- Compiler Finished Successfully ---
--- ProjectPulse Manual Dynamic Compiler ---
Successfully parsed system dropdown configurations.
Successfully compiled Configuration Reference to: /Users/manvenpratapsingh/Downloads/ProjectPulse/docs/user_manual/configuration_reference.md
No project_state.json file detected in workspace root. Compiling default seed templates.
Successfully compiled Project Status to: /Users/manvenpratapsingh/Downloads/ProjectPulse/docs/user_manual/project_status.md
--- Compiler Finished Successfully ---
